shisanMBP:~ o13$ cd 
.CFUserTextEncoding       .config/                  .著作权归作者所有。.swp
.DS_Store                 .gitconfig                Applications/
.IdentityService/         .inputrc.save             Applications (Parallels)/
.ServiceHub/              .lldb/                    Desktop/
.Trash/                   .local/                   Documents/
.android/                 .mysql_history            Downloads/
.anydesk/                 .nuget/                   Library/
.bash_history             .oracle_jre_usage/        Movies/
.bash_profile             .rnd                      Music/
.bash_profile.swn         .ssh/                     Pictures/
.bash_profile.swo         .subversion/              Public/
.bash_profile.swp         .viminfo                  Sites/
.bash_sessions/           .vscode/                  
shisanMBP:~ o13$ cd Documents
shisanMBP:Documents o13$ ls
$RECYCLE.BIN		Tencent Files		desktop.ini
013 资料库		Visual Studio 2010	shisan13winformUI
Default.rdp		Visual Studio 2013	易呼科技
Parallels		WeChat Files		重庆餐饮客户
README.md		YUNchart
shisanMBP:Documents o13$ git clone git@code.aliyun.com:oscwifi/AndroLua.git
Cloning into 'AndroLua'...
warning: remote HEAD refers to nonexistent ref, unable to checkout.

shisanMBP:Documents o13$ cd AndroLua
shisanMBP:AndroLua o13$ touch README.md
shisanMBP:AndroLua o13$ git add README.md
shisanMBP:AndroLua o13$ git commit -m "add README"
[master (root-commit) 290439d] add README
 1 file changed, 0 insertions(+), 0 deletions(-)
 create mode 100644 README.md
shisanMBP:AndroLua o13$ git push -u origin master
Counting objects: 3, done.
Writing objects: 100% (3/3), 227 bytes | 0 bytes/s, done.
Total 3 (delta 0), reused 0 (delta 0)
remote: Updating references: 100% (1/1)
To code.aliyun.com:oscwifi/AndroLua.git
 * [new branch]      master -> master
Branch master set up to track remote branch master from origin.
shisanMBP:AndroLua o13$ cd existing_folder
-bash: cd: existing_folder: No such file or directory
shisanMBP:AndroLua o13$ git init
Reinitialized existing Git repository in /Users/o13/Documents/AndroLua/.git/
shisanMBP:AndroLua o13$ git remote add origin git@code.aliyun.com:oscwifi/AndroLua.git
fatal: remote origin already exists.
shisanMBP:AndroLua o13$ git add .
shisanMBP:AndroLua o13$ git commit
On branch master
Your branch is up-to-date with 'origin/master'.
nothing to commit, working tree clean
shisanMBP:AndroLua o13$ git push -u origin master
Branch master set up to track remote branch master from origin.
Everything up-to-date
shisanMBP:AndroLua o13$ git status
On branch master
Your branch is up-to-date with 'origin/master'.
Changes not staged for commit:
  (use "git add <file>..." to update what will be committed)
  (use "git checkout -- <file>..." to discard changes in working directory)

	modified:   README.md

Untracked files:
  (use "git add <file>..." to include in what will be committed)

	AndroidManifest.xml
	LICENSE.txt
	assets/
	init.lua
	interp.lua
	jni/
	lua-license.txt
	luajava-license.txt
	proguard.cfg
	project.properties
	res/
	src/

no changes added to commit (use "git add" and/or "git commit -a")
shisanMBP:AndroLua o13$ git add /
fatal: /: '/' is outside repository
shisanMBP:AndroLua o13$ giy add .
-bash: giy: command not found
shisanMBP:AndroLua o13$ ls
AndroidManifest.xml	interp.lua		project.properties
LICENSE.txt		jni			res
README.md		lua-license.txt		src
assets			luajava-license.txt
init.lua		proguard.cfg
shisanMBP:AndroLua o13$ git add.
git: 'add.' is not a git command. See 'git --help'.

Did you mean this?
	add
shisanMBP:AndroLua o13$ git add .
shisanMBP:AndroLua o13$ git commit -m "更新android lua"
[master 71eeefd] 更新android lua
 83 files changed, 23170 insertions(+)
 create mode 100755 AndroidManifest.xml
 create mode 100755 LICENSE.txt
 mode change 100644 => 100755 README.md
 create mode 100755 assets/greet.lua
 create mode 100755 assets/import.lua
 create mode 100755 init.lua
 create mode 100755 interp.lua
 create mode 100755 jni/Android.mk
 create mode 100755 jni/lua/Android.mk
 create mode 100755 jni/lua/lapi.c
 create mode 100755 jni/lua/lapi.h
 create mode 100755 jni/lua/lauxlib.c
 create mode 100755 jni/lua/lauxlib.h
 create mode 100755 jni/lua/lbaselib.c
 create mode 100755 jni/lua/lcode.c
 create mode 100755 jni/lua/lcode.h
 create mode 100755 jni/lua/ldblib.c
 create mode 100755 jni/lua/ldebug.c
 create mode 100755 jni/lua/ldebug.h
 create mode 100755 jni/lua/ldo.c
 create mode 100755 jni/lua/ldo.h
 create mode 100755 jni/lua/ldump.c
 create mode 100755 jni/lua/lfunc.c
 create mode 100755 jni/lua/lfunc.h
 create mode 100755 jni/lua/lgc.c
 create mode 100755 jni/lua/lgc.h
 create mode 100755 jni/lua/linit.c
 create mode 100755 jni/lua/liolib.c
 create mode 100755 jni/lua/llex.c
 create mode 100755 jni/lua/llex.h
 create mode 100755 jni/lua/llimits.h
 create mode 100755 jni/lua/lmathlib.c
 create mode 100755 jni/lua/lmem.c
 create mode 100755 jni/lua/lmem.h
 create mode 100755 jni/lua/loadlib.c
 create mode 100755 jni/lua/lobject.c
 create mode 100755 jni/lua/lobject.h
 create mode 100755 jni/lua/lopcodes.c
 create mode 100755 jni/lua/lopcodes.h
 create mode 100755 jni/lua/loslib.c
 create mode 100755 jni/lua/lparser.c
 create mode 100755 jni/lua/lparser.h
 create mode 100755 jni/lua/lstate.c
 create mode 100755 jni/lua/lstate.h
 create mode 100755 jni/lua/lstring.c
 create mode 100755 jni/lua/lstring.h
 create mode 100755 jni/lua/lstrlib.c
 create mode 100755 jni/lua/ltable.c
 create mode 100755 jni/lua/ltable.h
 create mode 100755 jni/lua/ltablib.c
 create mode 100755 jni/lua/ltm.c
 create mode 100755 jni/lua/ltm.h
 create mode 100755 jni/lua/lua.h
 create mode 100755 jni/lua/luaconf.h
 create mode 100755 jni/lua/lualib.h
 create mode 100755 jni/lua/lundump.c
 create mode 100755 jni/lua/lundump.h
 create mode 100755 jni/lua/lvm.c
 create mode 100755 jni/lua/lvm.h
 create mode 100755 jni/lua/lzio.c
 create mode 100755 jni/lua/lzio.h
 create mode 100755 jni/luajava/Android.mk
 create mode 100755 jni/luajava/luajava.c
 create mode 100755 lua-license.txt
 create mode 100755 luajava-license.txt
 create mode 100755 proguard.cfg
 create mode 100755 project.properties
 create mode 100755 res/drawable-hdpi/icon.png
 create mode 100755 res/drawable-ldpi/icon.png
 create mode 100755 res/drawable-mdpi/icon.png
 create mode 100755 res/layout/main.xml
 create mode 100755 res/values/strings.xml
 create mode 100755 src/org/keplerproject/luajava/CPtr.java
 create mode 100755 src/org/keplerproject/luajava/Console.java
 create mode 100755 src/org/keplerproject/luajava/JavaFunction.java
 create mode 100755 src/org/keplerproject/luajava/LuaException.java
 create mode 100755 src/org/keplerproject/luajava/LuaInvocationHandler.java
 create mode 100755 src/org/keplerproject/luajava/LuaJavaAPI.java
 create mode 100755 src/org/keplerproject/luajava/LuaObject.java
 create mode 100755 src/org/keplerproject/luajava/LuaState.java
 create mode 100755 src/org/keplerproject/luajava/LuaStateFactory.java
 create mode 100755 src/org/keplerproject/luajava/package.html
 create mode 100755 src/sk/kottman/androlua/Main.java
shisanMBP:AndroLua o13$ git remote add master git@code.aliyun.com:oscwifi/AndroLua.git
shisanMBP:AndroLua o13$ git push -f master
Counting objects: 102, done.
Delta compression using up to 4 threads.
Compressing objects: 100% (91/91), done.
Writing objects: 100% (102/102), 178.21 KiB | 0 bytes/s, done.
Total 102 (delta 4), reused 0 (delta 0)
remote: Resolving deltas: 100% (4/4)
remote: Updating references: 100% (1/1)
To code.aliyun.com:oscwifi/AndroLua.git
   290439d..71eeefd  master -> master
shisanMBP:AndroLua o13$ cd .
shisanMBP:AndroLua o13$ cd ./
shisanMBP:AndroLua o13$ cd ../
shisanMBP:Documents o13$ ls
$RECYCLE.BIN		Tencent Files		desktop.ini
013 资料库		Visual Studio 2010	shisan13winformUI
AndroLua		Visual Studio 2013	tsPlugUsb
Default.rdp		WeChat Files		易呼科技
Parallels		YUNchart		重庆餐饮客户
shisanMBP:Documents o13$ cd tsPlugUsb
shisanMBP:tsPlugUsb o13$ ls
AndroidManifest.xml	libs			res
assets			lua			src
detail.txt		proguard-project.txt
ic_launcher-web.png	project.properties
shisanMBP:tsPlugUsb o13$ git status
On branch master

Initial commit

Untracked files:
  (use "git add <file>..." to include in what will be committed)

	../$RECYCLE.BIN/
	../.DS_Store
	../.localized
	../.rqd/
	"../013 \350\265\204\346\226\231\345\272\223/"
	../AndroLua/
	../Default.rdp
	../Parallels/
	../Tencent Files/
	../Visual Studio 2010/
	../Visual Studio 2013/
	../WeChat Files/
	../YUNchart/
	../desktop.ini
	../shisan13winformUI/
	./
	"../\346\230\223\345\221\274\347\247\221\346\212\200/"
	"../\351\207\215\345\272\206\351\244\220\351\245\256\345\256\242\346\210\267/"

nothing added to commit but untracked files present (use "git add" to track)
shisanMBP:tsPlugUsb o13$ git add .
shisanMBP:tsPlugUsb o13$ git commit "更新原始代码"
error: pathspec '更新原始代码' did not match any file(s) known to git.
shisanMBP:tsPlugUsb o13$ git commit -m "更新原始代码"
[master (root-commit) d6f46a6] 更新原始代码
 414 files changed, 17547 insertions(+)
 create mode 100755 tsPlugUsb/.classpath
 create mode 100755 tsPlugUsb/.gitignore
 create mode 100755 tsPlugUsb/.project
 create mode 100755 tsPlugUsb/.settings/org.eclipse.core.resources.prefs
 create mode 100755 tsPlugUsb/.settings/org.eclipse.jdt.core.prefs
 create mode 100755 tsPlugUsb/.settings/org.eclipse.m2e.core.prefs
 create mode 100755 tsPlugUsb/AndroidManifest.xml
 create mode 100755 tsPlugUsb/assets/6322/pic_a858w/add_friend.bmp
 create mode 100755 tsPlugUsb/assets/6322/pic_a858w/add_friend_2.bmp
 create mode 100755 tsPlugUsb/assets/6322/pic_a858w/add_friend_3.bmp
 create mode 100755 tsPlugUsb/assets/6322/pic_a858w/clear.bmp
 create mode 100755 tsPlugUsb/assets/6322/pic_a858w/delete.bmp
 create mode 100755 tsPlugUsb/assets/6322/pic_a858w/delperson.bmp
 create mode 100755 tsPlugUsb/assets/6322/pic_a858w/err_confirm.bmp
 create mode 100755 tsPlugUsb/assets/6322/pic_a858w/facemark.bmp
 create mode 100755 tsPlugUsb/assets/6322/pic_a858w/find_icon.bmp
 create mode 100755 tsPlugUsb/assets/6322/pic_a858w/groupsendagain.bmp
 create mode 100755 tsPlugUsb/assets/6322/pic_a858w/has_add.bmp
 create mode 100755 tsPlugUsb/assets/6322/pic_a858w/linkman.bmp
 create mode 100755 tsPlugUsb/assets/6322/pic_a858w/lookmore.bmp
 create mode 100755 tsPlugUsb/assets/6322/pic_a858w/loser_send.bmp
 create mode 100755 tsPlugUsb/assets/6322/pic_a858w/loserfacemark.bmp
 create mode 100755 tsPlugUsb/assets/6322/pic_a858w/man.bmp
 create mode 100755 tsPlugUsb/assets/6322/pic_a858w/nearby_send.bmp
 create mode 100755 tsPlugUsb/assets/6322/pic_a858w/noexist.bmp
 create mode 100755 tsPlugUsb/assets/6322/pic_a858w/noresult.bmp
 create mode 100755 tsPlugUsb/assets/6322/pic_a858w/nowsending.bmp
 create mode 100755 tsPlugUsb/assets/6322/pic_a858w/person_detail.bmp
 create mode 100755 tsPlugUsb/assets/6322/pic_a858w/phone_icon.bmp
 create mode 100755 tsPlugUsb/assets/6322/pic_a858w/real_del.bmp
 create mode 100755 tsPlugUsb/assets/6322/pic_a858w/receive.bmp
 create mode 100755 tsPlugUsb/assets/6322/pic_a858w/remak.bmp
 create mode 100755 tsPlugUsb/assets/6322/pic_a858w/remark.bmp
 create mode 100755 tsPlugUsb/assets/6322/pic_a858w/sayhi.bmp
 create mode 100755 tsPlugUsb/assets/6322/pic_a858w/send.bmp
 create mode 100755 tsPlugUsb/assets/6322/pic_a858w/sendgroupassis.bmp
 create mode 100755 tsPlugUsb/assets/6322/pic_a858w/sendmsg.bmp
 create mode 100755 tsPlugUsb/assets/6322/pic_a858w/smileface.bmp
 create mode 100755 tsPlugUsb/assets/6322/pic_a858w/validation.bmp
 create mode 100755 tsPlugUsb/assets/6322/pic_a858w/woman.bmp
 create mode 100755 tsPlugUsb/assets/6322/pic_hmnote/add_friend.bmp
 create mode 100755 tsPlugUsb/assets/6322/pic_hmnote/add_friend_2.bmp
 create mode 100755 tsPlugUsb/assets/6322/pic_hmnote/add_friend_3.bmp
 create mode 100755 tsPlugUsb/assets/6322/pic_hmnote/clear.bmp
 create mode 100755 tsPlugUsb/assets/6322/pic_hmnote/delete.bmp
 create mode 100755 tsPlugUsb/assets/6322/pic_hmnote/delperson.bmp
 create mode 100755 tsPlugUsb/assets/6322/pic_hmnote/err_confirm.bmp
 create mode 100755 tsPlugUsb/assets/6322/pic_hmnote/facemark.bmp
 create mode 100755 tsPlugUsb/assets/6322/pic_hmnote/find_icon.bmp
 create mode 100755 tsPlugUsb/assets/6322/pic_hmnote/groupsendagain.bmp
 create mode 100755 tsPlugUsb/assets/6322/pic_hmnote/has_add.bmp
 create mode 100755 tsPlugUsb/assets/6322/pic_hmnote/linkman.bmp
 create mode 100755 tsPlugUsb/assets/6322/pic_hmnote/lookmore.bmp
 create mode 100755 tsPlugUsb/assets/6322/pic_hmnote/loser_send.bmp
 create mode 100755 tsPlugUsb/assets/6322/pic_hmnote/loserfacemark.bmp
 create mode 100755 tsPlugUsb/assets/6322/pic_hmnote/man.bmp
 create mode 100755 tsPlugUsb/assets/6322/pic_hmnote/nearby_send.bmp
 create mode 100755 tsPlugUsb/assets/6322/pic_hmnote/noexist.bmp
 create mode 100755 tsPlugUsb/assets/6322/pic_hmnote/noresult.bmp
 create mode 100755 tsPlugUsb/assets/6322/pic_hmnote/nowsending.bmp
 create mode 100755 tsPlugUsb/assets/6322/pic_hmnote/person_detail.bmp
 create mode 100755 tsPlugUsb/assets/6322/pic_hmnote/phone_icon.bmp
 create mode 100755 tsPlugUsb/assets/6322/pic_hmnote/real_del.bmp
 create mode 100755 tsPlugUsb/assets/6322/pic_hmnote/receive.bmp
 create mode 100755 tsPlugUsb/assets/6322/pic_hmnote/remark.bmp
 create mode 100755 tsPlugUsb/assets/6322/pic_hmnote/sayhi.bmp
 create mode 100755 tsPlugUsb/assets/6322/pic_hmnote/send.bmp
 create mode 100755 tsPlugUsb/assets/6322/pic_hmnote/sendgroupassis.bmp
 create mode 100755 tsPlugUsb/assets/6322/pic_hmnote/sendmsg.bmp
 create mode 100755 tsPlugUsb/assets/6322/pic_hmnote/smileface.bmp
 create mode 100755 tsPlugUsb/assets/6322/pic_hmnote/validation.bmp
 create mode 100755 tsPlugUsb/assets/6322/pic_hmnote/woman.bmp
 create mode 100755 tsPlugUsb/assets/6322/pic_mzmx2/add_friend.bmp
 create mode 100755 tsPlugUsb/assets/6322/pic_mzmx2/add_friend_2.bmp
 create mode 100755 tsPlugUsb/assets/6322/pic_mzmx2/add_friend_3.bmp
 create mode 100755 tsPlugUsb/assets/6322/pic_mzmx2/clear.bmp
 create mode 100755 tsPlugUsb/assets/6322/pic_mzmx2/delete.bmp
 create mode 100755 tsPlugUsb/assets/6322/pic_mzmx2/delperson.bmp
 create mode 100755 tsPlugUsb/assets/6322/pic_mzmx2/err_confirm.bmp
 create mode 100755 tsPlugUsb/assets/6322/pic_mzmx2/facemark.bmp
 create mode 100755 tsPlugUsb/assets/6322/pic_mzmx2/find_icon.bmp
 create mode 100755 tsPlugUsb/assets/6322/pic_mzmx2/groupsendagain.bmp
 create mode 100755 tsPlugUsb/assets/6322/pic_mzmx2/has_add.bmp
 create mode 100755 tsPlugUsb/assets/6322/pic_mzmx2/linkman.bmp
 create mode 100755 tsPlugUsb/assets/6322/pic_mzmx2/lookmore.bmp
 create mode 100755 tsPlugUsb/assets/6322/pic_mzmx2/loser_send.bmp
 create mode 100755 tsPlugUsb/assets/6322/pic_mzmx2/loserfacemark.bmp
 create mode 100755 tsPlugUsb/assets/6322/pic_mzmx2/man.bmp
 create mode 100755 tsPlugUsb/assets/6322/pic_mzmx2/nearby_send.bmp
 create mode 100755 tsPlugUsb/assets/6322/pic_mzmx2/noexist.bmp
 create mode 100755 tsPlugUsb/assets/6322/pic_mzmx2/noresult.bmp
 create mode 100755 tsPlugUsb/assets/6322/pic_mzmx2/nowsending.bmp
 create mode 100755 tsPlugUsb/assets/6322/pic_mzmx2/person_detail.bmp
 create mode 100755 tsPlugUsb/assets/6322/pic_mzmx2/phone_icon.bmp
 create mode 100755 tsPlugUsb/assets/6322/pic_mzmx2/real_del.bmp
 create mode 100755 tsPlugUsb/assets/6322/pic_mzmx2/receive.bmp
 create mode 100755 tsPlugUsb/assets/6322/pic_mzmx2/remark.bmp
 create mode 100755 tsPlugUsb/assets/6322/pic_mzmx2/sayhi.bmp
 create mode 100755 tsPlugUsb/assets/6322/pic_mzmx2/send.bmp
 create mode 100755 tsPlugUsb/assets/6322/pic_mzmx2/sendgroupassis.bmp
 create mode 100755 tsPlugUsb/assets/6322/pic_mzmx2/sendmsg.bmp
 create mode 100755 tsPlugUsb/assets/6322/pic_mzmx2/smileface.bmp
 create mode 100755 tsPlugUsb/assets/6322/pic_mzmx2/validation.bmp
 create mode 100755 tsPlugUsb/assets/6322/pic_mzmx2/woman.bmp
 create mode 100755 tsPlugUsb/assets/6322/pic_nexus4/add_friend.bmp
 create mode 100755 tsPlugUsb/assets/6322/pic_nexus4/add_friend_2.bmp
 create mode 100755 tsPlugUsb/assets/6322/pic_nexus4/clear.bmp
 create mode 100755 tsPlugUsb/assets/6322/pic_nexus4/delperson.bmp
 create mode 100755 tsPlugUsb/assets/6322/pic_nexus4/err_confirm.bmp
 create mode 100755 tsPlugUsb/assets/6322/pic_nexus4/facemark.bmp
 create mode 100755 tsPlugUsb/assets/6322/pic_nexus4/find_icon.bmp
 create mode 100755 tsPlugUsb/assets/6322/pic_nexus4/groupsendagain.bmp
 create mode 100755 tsPlugUsb/assets/6322/pic_nexus4/linkman.bmp
 create mode 100755 tsPlugUsb/assets/6322/pic_nexus4/lookmore.bmp
 create mode 100755 tsPlugUsb/assets/6322/pic_nexus4/loserfacemark.bmp
 create mode 100755 tsPlugUsb/assets/6322/pic_nexus4/man.bmp
 create mode 100755 tsPlugUsb/assets/6322/pic_nexus4/noresult.bmp
 create mode 100755 tsPlugUsb/assets/6322/pic_nexus4/nowsending.bmp
 create mode 100755 tsPlugUsb/assets/6322/pic_nexus4/person_detail.bmp
 create mode 100755 tsPlugUsb/assets/6322/pic_nexus4/real_del.bmp
 create mode 100755 tsPlugUsb/assets/6322/pic_nexus4/receive.bmp
 create mode 100755 tsPlugUsb/assets/6322/pic_nexus4/remark.bmp
 create mode 100755 tsPlugUsb/assets/6322/pic_nexus4/sayhi.bmp
 create mode 100755 tsPlugUsb/assets/6322/pic_nexus4/send.bmp
 create mode 100755 tsPlugUsb/assets/6322/pic_nexus4/sendgroupassis.bmp
 create mode 100755 tsPlugUsb/assets/6322/pic_nexus4/sendmsg.bmp
 create mode 100755 tsPlugUsb/assets/6322/pic_nexus4/smileface.bmp
 create mode 100755 tsPlugUsb/assets/6322/pic_nexus4/validation.bmp
 create mode 100755 tsPlugUsb/assets/6322/pic_nexus4/woman.bmp
 create mode 100755 tsPlugUsb/assets/hmnote/442/am.jar
 create mode 100755 tsPlugUsb/assets/hmnote/442/libTsPlug_jni.so
 create mode 100755 tsPlugUsb/assets/hmnote/442/tsplug
 create mode 100755 tsPlugUsb/assets/hmnote/442/weixinremote
 create mode 100755 tsPlugUsb/assets/hmnote/WidgetFinder.jar
 create mode 100755 tsPlugUsb/assets/hmnote/am.jar
 create mode 100755 tsPlugUsb/assets/hmnote/libTsPlug_jni.so
 create mode 100755 tsPlugUsb/assets/hmnote/tsplug
 create mode 100755 tsPlugUsb/assets/hmnote/weixinremote
 create mode 100755 tsPlugUsb/assets/hmnote/wxremote.jar
 create mode 100755 tsPlugUsb/assets/mzmx2/am.jar
 create mode 100755 tsPlugUsb/assets/mzmx2/tsplug
 create mode 100755 tsPlugUsb/assets/mzmx2/weixinremote
 create mode 100755 tsPlugUsb/assets/mzmx2/wxremote.jar
 create mode 100755 tsPlugUsb/assets/nexus4/am.jar
 create mode 100755 tsPlugUsb/assets/nexus4/tsplug
 create mode 100755 tsPlugUsb/assets/nexus4/weixinremote
 create mode 100755 tsPlugUsb/assets/nexus4/wxremote.jar
 create mode 100755 tsPlugUsb/assets/nexus4/wxremote.sh
 create mode 100755 tsPlugUsb/assets/pic/add_friend.bmp
 create mode 100755 tsPlugUsb/assets/pic/err_confirm.bmp
 create mode 100755 tsPlugUsb/assets/pic/find_icon.bmp
 create mode 100755 tsPlugUsb/assets/pic/send.bmp
 create mode 100755 tsPlugUsb/assets/pic/sendmessage.bmp
 create mode 100755 tsPlugUsb/assets/pic_308/add_friend.bmp
 create mode 100755 tsPlugUsb/assets/pic_308/err_confirm.bmp
 create mode 100755 tsPlugUsb/assets/pic_308/find_icon.bmp
 create mode 100755 tsPlugUsb/assets/pic_308/send.bmp
 create mode 100755 tsPlugUsb/assets/pic_hmnote/add_friend.bmp
 create mode 100755 tsPlugUsb/assets/pic_hmnote/add_friend_2.bmp
 create mode 100755 tsPlugUsb/assets/pic_hmnote/add_friend_3.bmp
 create mode 100755 tsPlugUsb/assets/pic_hmnote/clear.bmp
 create mode 100755 tsPlugUsb/assets/pic_hmnote/delete.bmp
 create mode 100755 tsPlugUsb/assets/pic_hmnote/delperson.bmp
 create mode 100755 tsPlugUsb/assets/pic_hmnote/err_confirm.bmp
 create mode 100755 tsPlugUsb/assets/pic_hmnote/facemark.bmp
 create mode 100755 tsPlugUsb/assets/pic_hmnote/find_icon.bmp
 create mode 100755 tsPlugUsb/assets/pic_hmnote/groupsendagain.bmp
 create mode 100755 tsPlugUsb/assets/pic_hmnote/has_add.bmp
 create mode 100755 tsPlugUsb/assets/pic_hmnote/linkman.bmp
 create mode 100755 tsPlugUsb/assets/pic_hmnote/lookmore.bmp
 create mode 100755 tsPlugUsb/assets/pic_hmnote/loser_send.bmp
 create mode 100755 tsPlugUsb/assets/pic_hmnote/loserfacemark.bmp
 create mode 100755 tsPlugUsb/assets/pic_hmnote/man.bmp
 create mode 100755 tsPlugUsb/assets/pic_hmnote/nearby_send.bmp
 create mode 100755 tsPlugUsb/assets/pic_hmnote/noresult.bmp
 create mode 100755 tsPlugUsb/assets/pic_hmnote/nowsending.bmp
 create mode 100755 tsPlugUsb/assets/pic_hmnote/person_detail.bmp
 create mode 100755 tsPlugUsb/assets/pic_hmnote/phone_icon.bmp
 create mode 100755 tsPlugUsb/assets/pic_hmnote/real_del.bmp
 create mode 100755 tsPlugUsb/assets/pic_hmnote/receive.bmp
 create mode 100755 tsPlugUsb/assets/pic_hmnote/remark.bmp
 create mode 100755 tsPlugUsb/assets/pic_hmnote/sayhi.bmp
 create mode 100755 tsPlugUsb/assets/pic_hmnote/send.bmp
 create mode 100755 tsPlugUsb/assets/pic_hmnote/sendgroupassis.bmp
 create mode 100755 tsPlugUsb/assets/pic_hmnote/sendmsg.bmp
 create mode 100755 tsPlugUsb/assets/pic_hmnote/smileface.bmp
 create mode 100755 tsPlugUsb/assets/pic_hmnote/validation.bmp
 create mode 100755 tsPlugUsb/assets/pic_hmnote/woman.bmp
 create mode 100755 tsPlugUsb/assets/pic_mzmx2/add_friend.bmp
 create mode 100755 tsPlugUsb/assets/pic_mzmx2/add_friend_2.bmp
 create mode 100755 tsPlugUsb/assets/pic_mzmx2/add_friend_3.bmp
 create mode 100755 tsPlugUsb/assets/pic_mzmx2/clear.bmp
 create mode 100755 tsPlugUsb/assets/pic_mzmx2/delete.bmp
 create mode 100755 tsPlugUsb/assets/pic_mzmx2/delperson.bmp
 create mode 100755 tsPlugUsb/assets/pic_mzmx2/err_confirm.bmp
 create mode 100755 tsPlugUsb/assets/pic_mzmx2/facemark.bmp
 create mode 100755 tsPlugUsb/assets/pic_mzmx2/find_icon.bmp
 create mode 100755 tsPlugUsb/assets/pic_mzmx2/groupsendagain.bmp
 create mode 100755 tsPlugUsb/assets/pic_mzmx2/has_add.bmp
 create mode 100755 tsPlugUsb/assets/pic_mzmx2/linkman.bmp
 create mode 100755 tsPlugUsb/assets/pic_mzmx2/lookmore.bmp
 create mode 100755 tsPlugUsb/assets/pic_mzmx2/loser_send.bmp
 create mode 100755 tsPlugUsb/assets/pic_mzmx2/loserfacemark.bmp
 create mode 100755 tsPlugUsb/assets/pic_mzmx2/man.bmp
 create mode 100755 tsPlugUsb/assets/pic_mzmx2/nearby_send.bmp
 create mode 100755 tsPlugUsb/assets/pic_mzmx2/noresult.bmp
 create mode 100755 tsPlugUsb/assets/pic_mzmx2/nowsending.bmp
 create mode 100755 tsPlugUsb/assets/pic_mzmx2/person_detail.bmp
 create mode 100755 tsPlugUsb/assets/pic_mzmx2/phone_icon.bmp
 create mode 100755 tsPlugUsb/assets/pic_mzmx2/real_del.bmp
 create mode 100755 tsPlugUsb/assets/pic_mzmx2/receive.bmp
 create mode 100755 tsPlugUsb/assets/pic_mzmx2/remark.bmp
 create mode 100755 tsPlugUsb/assets/pic_mzmx2/sayhi.bmp
 create mode 100755 tsPlugUsb/assets/pic_mzmx2/send.bmp
 create mode 100755 tsPlugUsb/assets/pic_mzmx2/sendgroupassis.bmp
 create mode 100755 tsPlugUsb/assets/pic_mzmx2/sendmsg.bmp
 create mode 100755 tsPlugUsb/assets/pic_mzmx2/smileface.bmp
 create mode 100755 tsPlugUsb/assets/pic_mzmx2/validation.bmp
 create mode 100755 tsPlugUsb/assets/pic_mzmx2/woman.bmp
 create mode 100755 tsPlugUsb/assets/pic_nexus4/add_friend.bmp
 create mode 100755 tsPlugUsb/assets/pic_nexus4/add_friend_2.bmp
 create mode 100755 tsPlugUsb/assets/pic_nexus4/clear.bmp
 create mode 100755 tsPlugUsb/assets/pic_nexus4/delperson.bmp
 create mode 100755 tsPlugUsb/assets/pic_nexus4/err_confirm.bmp
 create mode 100755 tsPlugUsb/assets/pic_nexus4/facemark.bmp
 create mode 100755 tsPlugUsb/assets/pic_nexus4/find_icon.bmp
 create mode 100755 tsPlugUsb/assets/pic_nexus4/groupsendagain.bmp
 create mode 100755 tsPlugUsb/assets/pic_nexus4/linkman.bmp
 create mode 100755 tsPlugUsb/assets/pic_nexus4/lookmore.bmp
 create mode 100755 tsPlugUsb/assets/pic_nexus4/loserfacemark.bmp
 create mode 100755 tsPlugUsb/assets/pic_nexus4/man.bmp
 create mode 100755 tsPlugUsb/assets/pic_nexus4/noresult.bmp
 create mode 100755 tsPlugUsb/assets/pic_nexus4/nowsending.bmp
 create mode 100755 tsPlugUsb/assets/pic_nexus4/person_detail.bmp
 create mode 100755 tsPlugUsb/assets/pic_nexus4/real_del.bmp
 create mode 100755 tsPlugUsb/assets/pic_nexus4/receive.bmp
 create mode 100755 tsPlugUsb/assets/pic_nexus4/remark.bmp
 create mode 100755 tsPlugUsb/assets/pic_nexus4/sayhi.bmp
 create mode 100755 tsPlugUsb/assets/pic_nexus4/send.bmp
 create mode 100755 tsPlugUsb/assets/pic_nexus4/sendgroupassis.bmp
 create mode 100755 tsPlugUsb/assets/pic_nexus4/sendmsg.bmp
 create mode 100755 tsPlugUsb/assets/pic_nexus4/smileface.bmp
 create mode 100755 tsPlugUsb/assets/pic_nexus4/validation.bmp
 create mode 100755 tsPlugUsb/assets/pic_nexus4/woman.bmp
 create mode 100755 tsPlugUsb/assets/xljnote3/am.jar
 create mode 100755 tsPlugUsb/assets/xljnote3/tsplug
 create mode 100755 tsPlugUsb/assets/xljnote3/weixinremote
 create mode 100755 tsPlugUsb/assets/xljnote3/wxremote.jar
 create mode 100755 tsPlugUsb/detail.txt
 create mode 100755 tsPlugUsb/ic_launcher-web.png
 create mode 100755 tsPlugUsb/libs/android-support-v4.jar
 create mode 100755 tsPlugUsb/libs/armeabi/libhyphenate.so
 create mode 100755 tsPlugUsb/libs/armeabi/libsqlite.so
 create mode 100755 tsPlugUsb/libs/commons-codec-1.7.jar
 create mode 100755 tsPlugUsb/libs/commons-net-3.0.1.jar
 create mode 100755 tsPlugUsb/libs/hyphenatechat_3.2.2.jar
 create mode 100755 tsPlugUsb/libs/protobuf-java-2.5.0.jar
 create mode 100755 tsPlugUsb/libs/zixing-core-3.2.0.jar
 create mode 100755 tsPlugUsb/lua/aa.lua
 create mode 100755 tsPlugUsb/lua/add_friend_from_group.lua
 create mode 100755 tsPlugUsb/lua/add_group_in_contact.lua
 create mode 100755 tsPlugUsb/lua/addfriend_bycontact.lua
 create mode 100755 tsPlugUsb/lua/addfriend_byfile2.lua
 create mode 100755 tsPlugUsb/lua/auth_nearby_person.lua
 create mode 100755 tsPlugUsb/lua/auth_shark.lua
 create mode 100755 tsPlugUsb/lua/auto_login.lua
 create mode 100755 tsPlugUsb/lua/clear_nearby_person.lua
 create mode 100755 tsPlugUsb/lua/clear_sharklist.lua
 create mode 100755 tsPlugUsb/lua/clear_sharkman.lua
 create mode 100755 tsPlugUsb/lua/contact_passivity_addfriend.lua
 create mode 100755 tsPlugUsb/lua/delete_contacts_immed.lua
 create mode 100755 tsPlugUsb/lua/get_screen_immed.lua
 create mode 100755 tsPlugUsb/lua/group_sendpic.lua
 create mode 100755 tsPlugUsb/lua/group_sendtext.lua
 create mode 100755 tsPlugUsb/lua/lua_common.lua
 create mode 100755 tsPlugUsb/lua/moment_comment.lua
 create mode 100755 tsPlugUsb/lua/new/forward_link_to_friend.lua
 create mode 100755 tsPlugUsb/lua/new/forward_link_to_moment.lua
 create mode 100755 tsPlugUsb/lua/new/forward_vedio_to_moment.lua
 create mode 100755 tsPlugUsb/lua/praise.lua
 create mode 100755 tsPlugUsb/lua/praise_random.lua
 create mode 100755 tsPlugUsb/lua/publish_friend_circle.lua
 create mode 100755 tsPlugUsb/lua/sayhi_fornearby.lua
 create mode 100755 tsPlugUsb/lua/sayhi_forsharkman.lua
 create mode 100755 tsPlugUsb/lua/send_momment.lua
 create mode 100755 tsPlugUsb/proguard-project.txt
 create mode 100755 tsPlugUsb/project.properties
 create mode 100755 tsPlugUsb/res/anim/fade_in.xml
 create mode 100755 tsPlugUsb/res/anim/fade_out.xml
 create mode 100755 tsPlugUsb/res/anim/head_in.xml
 create mode 100755 tsPlugUsb/res/anim/head_out.xml
 create mode 100755 tsPlugUsb/res/anim/hold.xml
 create mode 100755 tsPlugUsb/res/anim/hold_long.xml
 create mode 100755 tsPlugUsb/res/anim/push_bottom_in.xml
 create mode 100755 tsPlugUsb/res/anim/push_bottom_out.xml
 create mode 100755 tsPlugUsb/res/anim/push_top_in.xml
 create mode 100755 tsPlugUsb/res/anim/push_top_in2.xml
 create mode 100755 tsPlugUsb/res/anim/push_top_out.xml
 create mode 100755 tsPlugUsb/res/anim/push_top_out2.xml
 create mode 100755 tsPlugUsb/res/drawable-hdpi/icon.png
 create mode 100755 tsPlugUsb/res/drawable-ldpi/ic_launcher.png
 create mode 100755 tsPlugUsb/res/drawable-ldpi/logo.png
 create mode 100755 tsPlugUsb/res/drawable-ldpi/welcome.jpg
 create mode 100755 tsPlugUsb/res/drawable-mdpi/ic_action_search.png
 create mode 100755 tsPlugUsb/res/drawable-mdpi/ic_launcher.png
 create mode 100755 tsPlugUsb/res/drawable-mdpi/page.png
 create mode 100755 tsPlugUsb/res/drawable-mdpi/page_now.png
 create mode 100755 tsPlugUsb/res/drawable-xhdpi/ic_action_search.png
 create mode 100755 tsPlugUsb/res/drawable-xhdpi/ic_launcher.png
 create mode 100755 tsPlugUsb/res/drawable-xxhdpi/ic_launcher.png
 create mode 100755 tsPlugUsb/res/layout/activity_main.xml
 create mode 100755 tsPlugUsb/res/layout/activity_start.xml
 create mode 100755 tsPlugUsb/res/layout/appstart.xml
 create mode 100755 tsPlugUsb/res/menu/main.xml
 create mode 100755 tsPlugUsb/res/raw/addfriendbycontact_mzmx2_6322.lua
 create mode 100755 tsPlugUsb/res/raw/friendcircleinteract.lua
 create mode 100755 tsPlugUsb/res/raw/luafile.lua
 create mode 100755 tsPlugUsb/res/values-sw600dp/dimens.xml
 create mode 100755 tsPlugUsb/res/values-sw720dp-land/dimens.xml
 create mode 100755 tsPlugUsb/res/values-v11/styles.xml
 create mode 100755 tsPlugUsb/res/values-v14/styles.xml
 create mode 100755 tsPlugUsb/res/values/colors.xml
 create mode 100755 tsPlugUsb/res/values/dimens.xml
 create mode 100755 tsPlugUsb/res/values/strings.xml
 create mode 100755 tsPlugUsb/res/values/styles.xml
 create mode 100755 tsPlugUsb/src/com/weixin/tsplug/BackendPostThread.java
 create mode 100755 tsPlugUsb/src/com/weixin/tsplug/Battery/GetBattery.java
 create mode 100755 tsPlugUsb/src/com/weixin/tsplug/Preference/TsPlugPreference.java
 create mode 100755 tsPlugUsb/src/com/weixin/tsplug/Preference/TsPlugProperties.java
 create mode 100755 tsPlugUsb/src/com/weixin/tsplug/contact/ContactManager.java
 create mode 100755 tsPlugUsb/src/com/weixin/tsplug/database/DBlite.java
 create mode 100755 tsPlugUsb/src/com/weixin/tsplug/database/DataDefine.java
 create mode 100755 tsPlugUsb/src/com/weixin/tsplug/friend/WxFriend.java
 create mode 100755 tsPlugUsb/src/com/weixin/tsplug/global/Global.java
 create mode 100755 tsPlugUsb/src/com/weixin/tsplug/global/PicMgr.java
 create mode 100755 tsPlugUsb/src/com/weixin/tsplug/http/HttpDownloadFile.java
 create mode 100755 tsPlugUsb/src/com/weixin/tsplug/http/HttpRequest.java
 create mode 100755 tsPlugUsb/src/com/weixin/tsplug/http/IHttpDownLoadFinish.java
 create mode 100755 tsPlugUsb/src/com/weixin/tsplug/http/IRequestContentListener.java
 create mode 100755 tsPlugUsb/src/com/weixin/tsplug/http/RequestInfoWithContent.java
 create mode 100755 tsPlugUsb/src/com/weixin/tsplug/im/IMMessageListener.java
 create mode 100755 tsPlugUsb/src/com/weixin/tsplug/im/IMMessageManager.java
 create mode 100755 tsPlugUsb/src/com/weixin/tsplug/im/ImConnectionListener.java
 create mode 100755 tsPlugUsb/src/com/weixin/tsplug/im/ImInitThread.java
 create mode 100755 tsPlugUsb/src/com/weixin/tsplug/inteface/ILogcatListener.java
 create mode 100755 tsPlugUsb/src/com/weixin/tsplug/jni/jniTsPlug.java
 create mode 100755 tsPlugUsb/src/com/weixin/tsplug/keytouch/ActivityFactory.java
 create mode 100755 tsPlugUsb/src/com/weixin/tsplug/keytouch/ClipboardManager.java
 create mode 100755 tsPlugUsb/src/com/weixin/tsplug/keytouch/KeypadFactory.java
 create mode 100755 tsPlugUsb/src/com/weixin/tsplug/keytouch/TouchFactory.java
 create mode 100755 tsPlugUsb/src/com/weixin/tsplug/keytouch/UIPosition.java
 create mode 100755 tsPlugUsb/src/com/weixin/tsplug/logcat/LogcatFactory.java
 create mode 100755 tsPlugUsb/src/com/weixin/tsplug/lua/LuaFactory.java
 create mode 100755 tsPlugUsb/src/com/weixin/tsplug/luaxml/LuaPara.java
 create mode 100755 tsPlugUsb/src/com/weixin/tsplug/luaxml/LuaPic.java
 create mode 100755 tsPlugUsb/src/com/weixin/tsplug/luaxml/LuaScript.java
 create mode 100755 tsPlugUsb/src/com/weixin/tsplug/luaxml/LuaXmlMgr.java
 create mode 100755 tsPlugUsb/src/com/weixin/tsplug/model/Dev.java
 create mode 100755 tsPlugUsb/src/com/weixin/tsplug/model/Org.java
 create mode 100755 tsPlugUsb/src/com/weixin/tsplug/model/Phone.java
 create mode 100755 tsPlugUsb/src/com/weixin/tsplug/model/User.java
 create mode 100755 tsPlugUsb/src/com/weixin/tsplug/msg/HandlerMsg.java
 create mode 100755 tsPlugUsb/src/com/weixin/tsplug/msg/HandlerMsgDefine.java
 create mode 100755 tsPlugUsb/src/com/weixin/tsplug/msg/MsgProcessor.java
 create mode 100755 tsPlugUsb/src/com/weixin/tsplug/msg/MsgProcessorAddPhoneResp.java
 create mode 100755 tsPlugUsb/src/com/weixin/tsplug/msg/MsgProcessorAutoLogin.java
 create mode 100755 tsPlugUsb/src/com/weixin/tsplug/msg/MsgProcessorGetStatus.java
 create mode 100755 tsPlugUsb/src/com/weixin/tsplug/msg/MsgProcessorGlobalCancel.java
 create mode 100755 tsPlugUsb/src/com/weixin/tsplug/msg/MsgProcessorOnlineVersionResp.java
 create mode 100755 tsPlugUsb/src/com/weixin/tsplug/msg/MsgProcessorOwner.java
 create mode 100755 tsPlugUsb/src/com/weixin/tsplug/msg/MsgProcessorRunLua.java
 create mode 100755 tsPlugUsb/src/com/weixin/tsplug/msg/MsgProcessorStatusResp.java
 create mode 100755 tsPlugUsb/src/com/weixin/tsplug/msg/MsgProcessorUpdate.java
 create mode 100755 tsPlugUsb/src/com/weixin/tsplug/net/UdpBroacastRecv.java
 create mode 100755 tsPlugUsb/src/com/weixin/tsplug/perferences/WeixinPreferences.java
 create mode 100755 tsPlugUsb/src/com/weixin/tsplug/picture/BitmapFactory.java
 create mode 100755 tsPlugUsb/src/com/weixin/tsplug/picture/BitmapFactoryOld.java
 create mode 100755 tsPlugUsb/src/com/weixin/tsplug/picture/CaptureFactory.java
 create mode 100755 tsPlugUsb/src/com/weixin/tsplug/picture/FontFactory.java
 create mode 100755 tsPlugUsb/src/com/weixin/tsplug/picture/TextFactory.java
 create mode 100755 tsPlugUsb/src/com/weixin/tsplug/runexec/RunExec.java
 create mode 100755 tsPlugUsb/src/com/weixin/tsplug/runexec/TsPlugServiceRunnable.java
 create mode 100755 tsPlugUsb/src/com/weixin/tsplug/runexec/WeiXinRemoteRunnable.java
 create mode 100755 tsPlugUsb/src/com/weixin/tsplug/runexec/WxRemoteJarRunnable.java
 create mode 100755 tsPlugUsb/src/com/weixin/tsplug/simaddress/GpsSimAddrRunable.java
 create mode 100755 tsPlugUsb/src/com/weixin/tsplug/simaddress/NetworkSimAddrRunable.java
 create mode 100755 tsPlugUsb/src/com/weixin/tsplug/simaddress/SimWeiXinAdress.java
 create mode 100755 tsPlugUsb/src/com/weixin/tsplug/target/TargetMgr.java
 create mode 100755 tsPlugUsb/src/com/weixin/tsplug/task/MonitorLogcatTask.java
 create mode 100755 tsPlugUsb/src/com/weixin/tsplug/uiautomator/ActivityThread.java
 create mode 100755 tsPlugUsb/src/com/weixin/tsplug/uiautomator/FTP.java
 create mode 100755 tsPlugUsb/src/com/weixin/tsplug/uiautomator/FTPUtils.java
 create mode 100755 tsPlugUsb/src/com/weixin/tsplug/uiautomator/FileDownloader.java
 create mode 100755 tsPlugUsb/src/com/weixin/tsplug/uiautomator/RootShellCmd.java
 create mode 100755 tsPlugUsb/src/com/weixin/tsplug/uiautomator/WidgetStarter.java
 create mode 100755 tsPlugUsb/src/com/weixin/tsplug/uiautomator/WidgetThread.java
 create mode 100755 tsPlugUsb/src/com/weixin/tsplug/user/UserManager.java
 create mode 100755 tsPlugUsb/src/com/weixin/tsplug/util/CommonUtil.java
 create mode 100755 tsPlugUsb/src/com/weixin/tsplug/util/Enums.java
 create mode 100755 tsPlugUsb/src/com/weixin/tsplug/util/QRCodeUtil.java
 create mode 100755 tsPlugUsb/src/com/weixin/tsplug/util/StringUtils.java
 create mode 100755 tsPlugUsb/src/com/weixin/tsplug/util/Utils.java
 create mode 100755 tsPlugUsb/src/com/weixin/tsplug/util/VibratorUtil.java
 create mode 100755 tsPlugUsb/src/com/weixin/tsplug/util/contactTool/ContactContant.java
 create mode 100755 tsPlugUsb/src/com/weixin/tsplug/util/contactTool/ContactInfo.java
 create mode 100755 tsPlugUsb/src/com/weixin/tsplug/util/contactTool/ContactToolUtils.java
 create mode 100755 tsPlugUsb/src/com/weixin/tsplug/visitor/IVisitor.java
 create mode 100755 tsPlugUsb/src/com/weixin/tsplug/visitor/MayiVisitor.java
 create mode 100755 tsPlugUsb/src/com/weixin/tsplug/wxhttpmsg/WxCustomHttpMsg.java
 create mode 100755 tsPlugUsb/src/com/weixin/tsplug/wxhttpmsg/WxHttpMsg.java
 create mode 100755 tsPlugUsb/src/com/weixin/usbmap/BootBroadcastReceiver.java
 create mode 100755 tsPlugUsb/src/com/weixin/usbmap/StartActivity.java
 create mode 100755 tsPlugUsb/src/com/weixin/usbmap/WeiXinService.java
 create mode 100755 tsPlugUsb/src/com/weixin/usbmap/WxServiceInit.java
shisanMBP:tsPlugUsb o13$ git remote add master git@code.aliyun.com:oscwifi/tsPlugUsb.git
shisanMBP:tsPlugUsb o13$ git push -f master
Counting objects: 420, done.
Delta compression using up to 4 threads.
Compressing objects: 100% (400/400), done.
Writing objects: 100% (420/420), 3.43 MiB | 1.57 MiB/s, done.
Total 420 (delta 59), reused 0 (delta 0)
remote: Resolving deltas: 100% (59/59)
remote: Updating references: 100% (1/1)
To code.aliyun.com:oscwifi/tsPlugUsb.git
 * [new branch]      master -> master
shisanMBP:tsPlugUsb o13$ cd ../
shisanMBP:Documents o13$ ls
$RECYCLE.BIN		UsbMap_A858W		shisan13winformUI
013 资料库		Visual Studio 2010	tsPlugUsb
AndroLua		Visual Studio 2013	易呼科技
Default.rdp		WeChat Files		重庆餐饮客户
Parallels		YUNchart
Tencent Files		desktop.ini
shisanMBP:Documents o13$ cd UsbMap_A858W
shisanMBP:UsbMap_A858W o13$ git status
On branch master
Untracked files:
  (use "git add <file>..." to include in what will be committed)

	../$RECYCLE.BIN/
	../.DS_Store
	../.localized
	../.rqd/
	"../013 \350\265\204\346\226\231\345\272\223/"
	../AndroLua/
	../Default.rdp
	../Parallels/
	../Tencent Files/
	./
	../Visual Studio 2010/
	../Visual Studio 2013/
	../WeChat Files/
	../YUNchart/
	../desktop.ini
	../shisan13winformUI/
	"../\346\230\223\345\221\274\347\247\221\346\212\200/"
	"../\351\207\215\345\272\206\351\244\220\351\245\256\345\256\242\346\210\267/"

nothing added to commit but untracked files present (use "git add" to track)
shisanMBP:UsbMap_A858W o13$ git add .
shisanMBP:UsbMap_A858W o13$ git remote add master git@code.aliyun.com:oscwifi/UsbMap_A858W.git
fatal: remote master already exists.
shisanMBP:UsbMap_A858W o13$ git commit
Aborting commit due to empty commit message.
shisanMBP:UsbMap_A858W o13$ git commit -m "UsbMap_A858W原始代码"
[master 4599525] UsbMap_A858W原始代码
 62 files changed, 11536 insertions(+)
 create mode 100755 UsbMap_A858W/.gitignore
 create mode 100755 UsbMap_A858W/AllpurAuthentic.dll
 create mode 100755 UsbMap_A858W/CityList.html
 create mode 100755 UsbMap_A858W/Pic/311955.jpg
 create mode 100755 UsbMap_A858W/Update.exe
 create mode 100755 UsbMap_A858W/VServerGroup.vnc
 create mode 100755 UsbMap_A858W/WeiXin.ini
 create mode 100755 UsbMap_A858W/WeiXinControlUSB.exe
 create mode 100755 UsbMap_A858W/Xposed_2.7.apk
 create mode 100755 UsbMap_A858W/Xposed_weichat-1.0.9.apk
 create mode 100755 UsbMap_A858W/log/info.txt
 create mode 100755 UsbMap_A858W/lua/.gitignore
 create mode 100755 UsbMap_A858W/lua/LuaMain.xml
 create mode 100755 UsbMap_A858W/lua/add_friend_from_group.lua
 create mode 100755 UsbMap_A858W/lua/addfriend_bycontact.lua
 create mode 100755 UsbMap_A858W/lua/addfriend_bycsvfile.lua
 create mode 100755 UsbMap_A858W/lua/addfriend_byfile2.lua
 create mode 100755 UsbMap_A858W/lua/auth_nearby_person.lua
 create mode 100755 UsbMap_A858W/lua/auth_shark.lua
 create mode 100755 UsbMap_A858W/lua/auto_login.lua
 create mode 100755 UsbMap_A858W/lua/clear_nearby_person.lua
 create mode 100755 UsbMap_A858W/lua/clear_sharklist.lua
 create mode 100755 UsbMap_A858W/lua/clear_sharkman.lua
 create mode 100755 UsbMap_A858W/lua/contact_passivity_addfriend.lua
 create mode 100755 UsbMap_A858W/lua/delete_contacts.lua
 create mode 100755 UsbMap_A858W/lua/genmd5.py
 create mode 100755 UsbMap_A858W/lua/group_sendpic.lua
 create mode 100755 UsbMap_A858W/lua/group_sendtext.lua
 create mode 100755 UsbMap_A858W/lua/group_sendtextpic.lua
 create mode 100755 UsbMap_A858W/lua/lua_common.lua
 create mode 100755 UsbMap_A858W/lua/moment.lua
 create mode 100755 UsbMap_A858W/lua/moment_comment.lua
 create mode 100755 UsbMap_A858W/lua/moment_give_goods.lua
 create mode 100755 UsbMap_A858W/lua/onekey_backdesk.lua
 create mode 100755 UsbMap_A858W/lua/onekey_openwexin.lua
 create mode 100755 UsbMap_A858W/lua/pic/add_friend.bmp
 create mode 100755 UsbMap_A858W/lua/pic/man.bmp
 create mode 100755 UsbMap_A858W/lua/pic/sayhi.bmp
 create mode 100755 UsbMap_A858W/lua/pic/sendmsg.bmp
 create mode 100755 UsbMap_A858W/lua/pic/woman.bmp
 create mode 100755 UsbMap_A858W/lua/praise.lua
 create mode 100755 UsbMap_A858W/lua/request_shark.lua
 create mode 100755 UsbMap_A858W/lua/sayhi_fornearby.lua
 create mode 100755 UsbMap_A858W/lua/sayhi_forsharkman.lua
 create mode 100755 UsbMap_A858W/lua/send_momment.lua
 create mode 100755 UsbMap_A858W/msvcr100d.dll
 create mode 100755 UsbMap_A858W/reg.bat
 create mode 100755 UsbMap_A858W/simaddr.txt
 create mode 100755 UsbMap_A858W/telefile.csv
 create mode 100755 UsbMap_A858W/telefile.txt
 create mode 100755 UsbMap_A858W/tool/AdbWinApi.dll
 create mode 100755 UsbMap_A858W/tool/AdbWinUsbApi.dll
 create mode 100755 UsbMap_A858W/tool/adb.exe
 create mode 100755 UsbMap_A858W/tool/am.jar
 create mode 100755 UsbMap_A858W/tool/fastboot.exe
 create mode 100755 UsbMap_A858W/tool/hmnote/.gitignore
 create mode 100755 UsbMap_A858W/tool/hmnote/genapk.py
 create mode 100755 UsbMap_A858W/tool/hmnote/input_method.apk
 create mode 100755 UsbMap_A858W/tool/hmnote/tsplugUsb.apk
 create mode 100755 UsbMap_A858W/tool/msvcr100d.dll
 create mode 100755 UsbMap_A858W/weixin.db
 create mode 100755 UsbMap_A858W/xposed_2.6.1.apk
shisanMBP:UsbMap_A858W o13$ git push -u master
To code.aliyun.com:oscwifi/tsPlugUsb.git
 ! [rejected]        master -> master (fetch first)
error: failed to push some refs to 'git@code.aliyun.com:oscwifi/tsPlugUsb.git'
hint: Updates were rejected because the remote contains work that you do
hint: not have locally. This is usually caused by another repository pushing
hint: to the same ref. You may want to first integrate the remote changes
hint: (e.g., 'git pull ...') before pushing again.
hint: See the 'Note about fast-forwards' in 'git push --help' for details.
shisanMBP:UsbMap_A858W o13$ git push -u master
To code.aliyun.com:oscwifi/tsPlugUsb.git
 ! [rejected]        master -> master (fetch first)
error: failed to push some refs to 'git@code.aliyun.com:oscwifi/tsPlugUsb.git'
hint: Updates were rejected because the remote contains work that you do
hint: not have locally. This is usually caused by another repository pushing
hint: to the same ref. You may want to first integrate the remote changes
hint: (e.g., 'git pull ...') before pushing again.
hint: See the 'Note about fast-forwards' in 'git push --help' for details.
shisanMBP:UsbMap_A858W o13$ git remote add master git@code.aliyun.com:oscwifi/UsbMap_A858W.git
fatal: remote master already exists.
shisanMBP:UsbMap_A858W o13$ git push -f master
Counting objects: 487, done.
Delta compression using up to 4 threads.
Compressing objects: 100% (458/458), done.
Writing objects: 100% (487/487), 12.89 MiB | 553.00 KiB/s, done.
Total 487 (delta 81), reused 0 (delta 0)
remote: Resolving deltas: 100% (81/81)
To code.aliyun.com:oscwifi/tsPlugUsb.git
 ! [remote rejected] master -> master (oscwifi You are not allowed to force push code to a protected branch on this project.)
error: failed to push some refs to 'git@code.aliyun.com:oscwifi/tsPlugUsb.git'
shisanMBP:UsbMap_A858W o13$ cd .//
shisanMBP:UsbMap_A858W o13$ cd ../
shisanMBP:Documents o13$ ls 
$RECYCLE.BIN		UsbMap_A858W		desktop.ini
013 资料库		Visual Studio 2010	shisan13winformUI
AndroLua		Visual Studio 2013	tsPlugUsb
Default.rdp		WeChat Files		易呼科技
Parallels		WeiXinControlUSB	重庆餐饮客户
Tencent Files		YUNchart
shisanMBP:Documents o13$ cd tsPlugUsb/
shisanMBP:tsPlugUsb o13$ git status
On branch master
Untracked files:
  (use "git add <file>..." to include in what will be committed)

	../$RECYCLE.BIN/
	../.DS_Store
	../.localized
	../.rqd/
	"../013 \350\265\204\346\226\231\345\272\223/"
	../AndroLua/
	../Default.rdp
	../Parallels/
	../Tencent Files/
	../Visual Studio 2010/
	../Visual Studio 2013/
	../WeChat Files/
	../WeiXinControlUSB/
	../YUNchart/
	../desktop.ini
	../shisan13winformUI/
	"../\346\230\223\345\221\274\347\247\221\346\212\200/"
	"../\351\207\215\345\272\206\351\244\220\351\245\256\345\256\242\346\210\267/"

nothing added to commit but untracked files present (use "git add" to track)
shisanMBP:tsPlugUsb o13$ git add .
shisanMBP:tsPlugUsb o13$ git commit -m "第一次更新"
On branch master
Untracked files:
	../$RECYCLE.BIN/
	../.DS_Store
	../.localized
	../.rqd/
	"../013 \350\265\204\346\226\231\345\272\223/"
	../AndroLua/
	../Default.rdp
	../Parallels/
	../Tencent Files/
	../Visual Studio 2010/
	../Visual Studio 2013/
	../WeChat Files/
	../WeiXinControlUSB/
	../YUNchart/
	../desktop.ini
	../shisan13winformUI/
	"../\346\230\223\345\221\274\347\247\221\346\212\200/"
	"../\351\207\215\345\272\206\351\244\220\351\245\256\345\256\242\346\210\267/"

nothing added to commit but untracked files present
shisanMBP:tsPlugUsb o13$ git commit -m "第一次更新"
On branch master
Untracked files:
	../$RECYCLE.BIN/
	../.DS_Store
	../.localized
	../.rqd/
	"../013 \350\265\204\346\226\231\345\272\223/"
	../AndroLua/
	../Default.rdp
	../Parallels/
	../Tencent Files/
	../Visual Studio 2010/
	../Visual Studio 2013/
	../WeChat Files/
	../WeiXinControlUSB/
	../YUNchart/
	../desktop.ini
	../shisan13winformUI/
	"../\346\230\223\345\221\274\347\247\221\346\212\200/"
	"../\351\207\215\345\272\206\351\244\220\351\245\256\345\256\242\346\210\267/"

nothing added to commit but untracked files present
shisanMBP:tsPlugUsb o13$ git remote add master git@code.aliyun.com:oscwifi/UsbMap_A858W.git
fatal: remote master already exists.
shisanMBP:tsPlugUsb o13$ git push -f master
Counting objects: 487, done.
Delta compression using up to 4 threads.
Compressing objects: 100% (458/458), done.
Writing objects: 100% (487/487), 12.89 MiB | 559.00 KiB/s, done.
Total 487 (delta 80), reused 0 (delta 0)
remote: Resolving deltas: 100% (80/80)
To code.aliyun.com:oscwifi/tsPlugUsb.git
 ! [remote rejected] master -> master (oscwifi You are not allowed to force push code to a protected branch on this project.)
error: failed to push some refs to 'git@code.aliyun.com:oscwifi/tsPlugUsb.git'
shisanMBP:tsPlugUsb o13$ git push -f master
Counting objects: 487, done.
Delta compression using up to 4 threads.
Compressing objects: 100% (458/458), done.
Writing objects: 100% (487/487), 12.89 MiB | 550.00 KiB/s, done.
Total 487 (delta 79), reused 0 (delta 0)
remote: Resolving deltas: 100% (79/79)
To code.aliyun.com:oscwifi/tsPlugUsb.git
 ! [remote rejected] master -> master (oscwifi You are not allowed to force push code to a protected branch on this project.)
error: failed to push some refs to 'git@code.aliyun.com:oscwifi/tsPlugUsb.git'
shisanMBP:tsPlugUsb o13$ git commit -m "第一次更新"
On branch master
Untracked files:
	../$RECYCLE.BIN/
	../.DS_Store
	../.localized
	../.rqd/
	"../013 \350\265\204\346\226\231\345\272\223/"
	../AndroLua/
	../Default.rdp
	../Parallels/
	../Tencent Files/
	../Visual Studio 2010/
	../Visual Studio 2013/
	../WeChat Files/
	../WeiXinControlUSB/
	../YUNchart/
	../desktop.ini
	../shisan13winformUI/
	"../\346\230\223\345\221\274\347\247\221\346\212\200/"
	"../\351\207\215\345\272\206\351\244\220\351\245\256\345\256\242\346\210\267/"

nothing added to commit but untracked files present
shisanMBP:tsPlugUsb o13$ git remote add master git@code.aliyun.com:oscwifi/UsbMap_A858W.git
fatal: remote master already exists.
shisanMBP:tsPlugUsb o13$ git push -f master
Counting objects: 487, done.
Delta compression using up to 4 threads.
Compressing objects: 100% (458/458), done.
Writing objects: 100% (487/487), 12.89 MiB | 548.00 KiB/s, done.
Total 487 (delta 79), reused 0 (delta 0)
remote: Resolving deltas: 100% (79/79)
To code.aliyun.com:oscwifi/tsPlugUsb.git
 ! [remote rejected] master -> master (oscwifi You are not allowed to force push code to a protected branch on this project.)
error: failed to push some refs to 'git@code.aliyun.com:oscwifi/tsPlugUsb.git'
shisanMBP:tsPlugUsb o13$ git config --global user.name"七殇骑士"
error: invalid key: user.name七殇骑士
shisanMBP:tsPlugUsb o13$ git config --global user.name"七殇骑士"
error: invalid key: user.name七殇骑士
shisanMBP:tsPlugUsb o13$ git config --global user.name
七殇骑士
shisanMBP:tsPlugUsb o13$ git config --global user.email
qishang013@gmail.com
shisanMBP:tsPlugUsb o13$ git status
On branch master
Untracked files:
  (use "git add <file>..." to include in what will be committed)

	../$RECYCLE.BIN/
	../.DS_Store
	../.localized
	../.rqd/
	"../013 \350\265\204\346\226\231\345\272\223/"
	../AndroLua/
	../Default.rdp
	../Parallels/
	../Tencent Files/
	../UsbMap_A858W/.DS_Store
	../UsbMap_A858W/tool/.DS_Store
	../Visual Studio 2010/
	../Visual Studio 2013/
	../WeChat Files/
	../WeiXinControlUSB/
	../YUNchart/
	../desktop.ini
	../shisan13winformUI/
	"../\346\230\223\345\221\274\347\247\221\346\212\200/"
	"../\351\207\215\345\272\206\351\244\220\351\245\256\345\256\242\346\210\267/"

nothing added to commit but untracked files present (use "git add" to track)
shisanMBP:tsPlugUsb o13$ git add.
git: 'add.' is not a git command. See 'git --help'.

Did you mean this?
	add
shisanMBP:tsPlugUsb o13$ git add .
shisanMBP:tsPlugUsb o13$ git commit -m "第一次提交"
On branch master
Untracked files:
	../$RECYCLE.BIN/
	../.DS_Store
	../.localized
	../.rqd/
	"../013 \350\265\204\346\226\231\345\272\223/"
	../AndroLua/
	../Default.rdp
	../Parallels/
	../Tencent Files/
	../UsbMap_A858W/.DS_Store
	../UsbMap_A858W/tool/.DS_Store
	../Visual Studio 2010/
	../Visual Studio 2013/
	../WeChat Files/
	../WeiXinControlUSB/
	../YUNchart/
	../desktop.ini
	../shisan13winformUI/
	"../\346\230\223\345\221\274\347\247\221\346\212\200/"
	"../\351\207\215\345\272\206\351\244\220\351\245\256\345\256\242\346\210\267/"

nothing added to commit but untracked files present
shisanMBP:tsPlugUsb o13$ git clone git@code.aliyun.com:oscwifi/UsbMap_A858W.git
Cloning into 'UsbMap_A858W'...
remote: Counting objects: 3, done
remote: Finding sources: 100% (3/3)
remote: Getting sizes: 100% (2/2)
remote: Compressing objects: 100% (37/37)
Receiving objects: 100% (3/3), done.
remote: Total 3 (delta 0), reused 0 (delta 0)
shisanMBP:tsPlugUsb o13$ ls
AndroidManifest.xml	ic_launcher-web.png	project.properties
UsbMap_A858W		libs			res
assets			lua			src
detail.txt		proguard-project.txt
shisanMBP:tsPlugUsb o13$ cd ../
shisanMBP:Documents o13$ git clone git@code.aliyun.com:oscwifi/UsbMap_A858W.git
Cloning into 'UsbMap_A858W'...
remote: Counting objects: 3, done
remote: Finding sources: 100% (3/3)
remote: Getting sizes: 100% (2/2)
remote: Compressing objects: 100% (37/37)
Receiving objects: 100% (3/3), done.
remote: Total 3 (delta 0), reused 0 (delta 0)
shisanMBP:Documents o13$ git status
On branch master
Changes not staged for commit:
  (use "git add/rm <file>..." to update what will be committed)
  (use "git checkout -- <file>..." to discard changes in working directory)

	deleted:    UsbMap_A858W/.gitignore

Untracked files:
  (use "git add <file>..." to include in what will be committed)

	$RECYCLE.BIN/
	.DS_Store
	.localized
	.rqd/
	"013 \350\265\204\346\226\231\345\272\223/"
	AndroLua/
	Default.rdp
	Parallels/
	Tencent Files/
	UsbMap_A858W/.DS_Store
	UsbMap_A858W/README.md
	UsbMap_A858W/tool/.DS_Store
	"UsbMap_A858W\347\232\204\345\211\257\346\234\254/"
	Visual Studio 2010/
	Visual Studio 2013/
	WeChat Files/
	WeiXinControlUSB/
	YUNchart/
	desktop.ini
	shisan13winformUI/
	tsPlugUsb/UsbMap_A858W/
	"\346\230\223\345\221\274\347\247\221\346\212\200/"
	"\351\207\215\345\272\206\351\244\220\351\245\256\345\256\242\346\210\267/"

no changes added to commit (use "git add" and/or "git commit -a")
shisanMBP:Documents o13$ git add .
^C
shisanMBP:Documents o13$ 
shisanMBP:Documents o13$ git commit -a
Aborting commit due to empty commit message.
shisanMBP:Documents o13$ git commit - m "第一次更新"
error: pathspec '-' did not match any file(s) known to git.
error: pathspec 'm' did not match any file(s) known to git.
error: pathspec '第一次更新' did not match any file(s) known to git.
shisanMBP:Documents o13$ git add .
^C
shisanMBP:Documents o13$ 
shisanMBP:Documents o13$ 
shisanMBP:Documents o13$ ls
$RECYCLE.BIN		UsbMap_A858W		YUNchart
013 资料库		UsbMap_A858W的副本	desktop.ini
AndroLua		Visual Studio 2010	shisan13winformUI
Default.rdp		Visual Studio 2013	tsPlugUsb
Parallels		WeChat Files		易呼科技
Tencent Files		WeiXinControlUSB	重庆餐饮客户
shisanMBP:Documents o13$ cd UsbMap_A858W
shisanMBP:UsbMap_A858W o13$ git status
On branch master
Your branch is up-to-date with 'origin/master'.
Untracked files:
  (use "git add <file>..." to include in what will be committed)

	.DS_Store
	AllpurAuthentic.dll
	CityList.html
	Pic/
	Update.exe
	VServerGroup.vnc
	WeiXin.ini
	WeiXinControlUSB.exe
	Xposed_2.7.apk
	Xposed_weichat-1.0.9.apk
	log/
	lua/
	msvcr100d.dll
	reg.bat
	simaddr.txt
	telefile.csv
	telefile.txt
	tool/
	weixin.db
	xposed_2.6.1.apk

nothing added to commit but untracked files present (use "git add" to track)
shisanMBP:UsbMap_A858W o13$ git add .
shisanMBP:UsbMap_A858W o13$ git commit -m "第一次更新"
[master 890615d] 第一次更新
 63 files changed, 11535 insertions(+)
 create mode 100644 .DS_Store
 create mode 100755 AllpurAuthentic.dll
 create mode 100755 CityList.html
 create mode 100755 Pic/311955.jpg
 create mode 100755 Update.exe
 create mode 100755 VServerGroup.vnc
 create mode 100755 WeiXin.ini
 create mode 100755 WeiXinControlUSB.exe
 create mode 100755 Xposed_2.7.apk
 create mode 100755 Xposed_weichat-1.0.9.apk
 create mode 100755 log/info.txt
 create mode 100755 lua/.gitignore
 create mode 100755 lua/LuaMain.xml
 create mode 100755 lua/add_friend_from_group.lua
 create mode 100755 lua/addfriend_bycontact.lua
 create mode 100755 lua/addfriend_bycsvfile.lua
 create mode 100755 lua/addfriend_byfile2.lua
 create mode 100755 lua/auth_nearby_person.lua
 create mode 100755 lua/auth_shark.lua
 create mode 100755 lua/auto_login.lua
 create mode 100755 lua/clear_nearby_person.lua
 create mode 100755 lua/clear_sharklist.lua
 create mode 100755 lua/clear_sharkman.lua
 create mode 100755 lua/contact_passivity_addfriend.lua
 create mode 100755 lua/delete_contacts.lua
 create mode 100755 lua/genmd5.py
 create mode 100755 lua/group_sendpic.lua
 create mode 100755 lua/group_sendtext.lua
 create mode 100755 lua/group_sendtextpic.lua
 create mode 100755 lua/lua_common.lua
 create mode 100755 lua/moment.lua
 create mode 100755 lua/moment_comment.lua
 create mode 100755 lua/moment_give_goods.lua
 create mode 100755 lua/onekey_backdesk.lua
 create mode 100755 lua/onekey_openwexin.lua
 create mode 100755 lua/pic/add_friend.bmp
 create mode 100755 lua/pic/man.bmp
 create mode 100755 lua/pic/sayhi.bmp
 create mode 100755 lua/pic/sendmsg.bmp
 create mode 100755 lua/pic/woman.bmp
 create mode 100755 lua/praise.lua
 create mode 100755 lua/request_shark.lua
 create mode 100755 lua/sayhi_fornearby.lua
 create mode 100755 lua/sayhi_forsharkman.lua
 create mode 100755 lua/send_momment.lua
 create mode 100755 msvcr100d.dll
 create mode 100755 reg.bat
 create mode 100755 simaddr.txt
 create mode 100755 telefile.csv
 create mode 100755 telefile.txt
 create mode 100644 tool/.DS_Store
 create mode 100755 tool/AdbWinApi.dll
 create mode 100755 tool/AdbWinUsbApi.dll
 create mode 100755 tool/adb.exe
 create mode 100755 tool/am.jar
 create mode 100755 tool/fastboot.exe
 create mode 100755 tool/hmnote/.gitignore
 create mode 100755 tool/hmnote/genapk.py
 create mode 100755 tool/hmnote/input_method.apk
 create mode 100755 tool/hmnote/tsplugUsb.apk
 create mode 100755 tool/msvcr100d.dll
 create mode 100755 weixin.db
 create mode 100755 xposed_2.6.1.apk
shisanMBP:UsbMap_A858W o13$ git remote add master git@code.aliyun.com:oscwifi/UsbMap_A858W.git
shisanMBP:UsbMap_A858W o13$ git push -f master
Counting objects: 70, done.
Delta compression using up to 4 threads.
Compressing objects: 100% (62/62), done.
Writing objects: 100% (70/70), 9.48 MiB | 361.00 KiB/s, done.
Total 70 (delta 20), reused 0 (delta 0)
remote: Resolving deltas: 100% (20/20)
remote: Updating references: 100% (1/1)
To code.aliyun.com:oscwifi/UsbMap_A858W.git
   efa1b4f..890615d  master -> master
shisanMBP:UsbMap_A858W o13$ git clone git@code.aliyun.com:oscwifi/WeiXinControlUSB.git
Cloning into 'WeiXinControlUSB'...

